// Jest Snapshot v1, https://goo.gl/fbAQLP

exports[`About component matches snapshot DOM note structure 1`] = `<DocumentFragment />`;
